2020-11-13 23:25:11 DEBUG TestSomethings:11 - debug
2020-11-13 23:25:11 WARN  TestSomethings:12 - warm
2020-11-13 23:25:11 ERROR TestSomethings:13 - error
2020-11-14 00:01:55 INFO  Main:23 - 正在加载配置中···
2020-11-14 00:01:55 INFO  Main:26 - 启动完成，网盘版本为：1.0.0启动耗时：20ms
2020-11-14 00:31:43 INFO  Main:25 - 正在加载配置中···
2020-11-14 00:31:43 ERROR Main:31 - D:\wangpan\DZCXNetdiskServer\iNetdiskServer.ini (系统找不到指定的文件。)
2020-11-14 00:31:43 INFO  Main:36 - 启动完成，网盘版本为：1.0.0启动耗时：82ms
2020-11-14 00:32:31 INFO  Main:25 - 正在加载配置中···
2020-11-14 00:32:31 ERROR Main:31 - parse error (at line: 4): root=%core%\root
2020-11-14 00:32:31 INFO  Main:36 - 启动完成，网盘版本为：1.0.0启动耗时：32ms
2020-11-14 00:33:40 INFO  Main:25 - 正在加载配置中···
2020-11-14 00:33:40 ERROR Main:31 - parse error (at line: 4): root=core\root
2020-11-14 00:33:40 INFO  Main:36 - 启动完成，网盘版本为：1.0.0启动耗时：42ms
2020-11-14 00:34:34 INFO  Main:25 - 正在加载配置中···
2020-11-14 00:34:34 INFO  Main:36 - 启动完成，网盘版本为：1.0.0启动耗时：94ms
2020-11-14 10:57:10 INFO  Main:27 - 正在加载配置中···
2020-11-14 10:57:10 INFO  Main:34 - 启动完成，网盘版本为：1.0.0启动耗时：291ms
2020-11-14 10:59:57 INFO  Main:27 - 正在加载配置中···
2020-11-14 10:59:57 INFO  Main:39 - 启动完成，网盘版本为：1.0.0启动耗时：382ms
2020-11-14 11:00:27 INFO  Main:27 - 正在加载配置中···
2020-11-14 11:00:27 INFO  Main:39 - 启动完成，网盘版本为：1.0.0启动耗时：291ms
2020-11-14 11:01:31 INFO  Main:27 - 正在加载配置中···
2020-11-14 11:01:32 INFO  Main:40 - 启动完成，网盘版本为：1.0.0启动耗时：349ms
2020-11-14 11:03:14 INFO  Main:27 - 正在加载配置中···
2020-11-14 11:03:15 INFO  Main:41 - 启动完成，网盘版本为：1.0.0启动耗时：274ms
2020-11-14 11:03:37 INFO  Main:27 - 正在加载配置中···
2020-11-14 11:03:37 INFO  Main:41 - 启动完成，网盘版本为：1.0.0启动耗时：108ms
2020-11-14 11:04:04 INFO  Main:27 - 正在加载配置中···
2020-11-14 11:04:04 INFO  Main:41 - 启动完成，网盘版本为：1.0.0启动耗时：96ms
2020-11-14 11:04:24 INFO  Main:27 - 正在加载配置中···
2020-11-14 11:04:24 INFO  Main:41 - 启动完成，网盘版本为：1.0.0启动耗时：88ms
2020-11-14 11:09:34 INFO  Main:31 - 正在加载配置中···
2020-11-14 11:09:34 INFO  Main:42 - 网盘的根目录：D:\wangpan\DZCXNetdiskServer\root
2020-11-14 11:09:34 INFO  Main:64 - 启动完成，网盘版本为：1.0.0启动耗时：178ms
2020-11-14 11:13:41 INFO  Main:31 - 正在加载配置中···
2020-11-14 11:13:41 INFO  Main:42 - 网盘的根目录：D:\wangpan\DZCXNetdiskServer\root
2020-11-14 11:13:41 INFO  Main:65 - 启动完成，网盘版本为：1.0.0启动耗时：130ms
2020-11-14 11:19:17 INFO  Main:32 - 正在加载配置中···
2020-11-14 11:19:17 INFO  Main:43 - 网盘的根目录：D:\wangpan\DZCXNetdiskServer\root
2020-11-14 11:19:17 INFO  Main:64 - 通用请求端口：33001
2020-11-14 11:19:17 INFO  Main:65 - 状态请求端口：33002
2020-11-14 11:19:17 INFO  Main:66 - 上传文件端口：33003
2020-11-14 11:19:17 INFO  Main:67 - 下载文件端口：33004
2020-11-14 11:19:17 INFO  Main:70 - 正在启动服务..
2020-11-14 11:19:17 INFO  Main:78 - 启动完成，网盘版本为：1.0.0启动耗时：234ms
2020-11-14 12:28:09 INFO  Main:31 - 正在加载配置中···
2020-11-14 12:28:09 INFO  Main:42 - 网盘的根目录：D:\wangpan\DZCXNetdiskServer\root
2020-11-14 12:28:09 INFO  Main:63 - 通用请求端口：33001
2020-11-14 12:28:09 INFO  Main:64 - 状态请求端口：33002
2020-11-14 12:28:09 INFO  Main:65 - 上传文件端口：33003
2020-11-14 12:28:09 INFO  Main:66 - 下载文件端口：33004
2020-11-14 12:28:09 INFO  Main:69 - 正在启动服务..
2020-11-14 12:28:09 INFO  Main:77 - 启动完成，网盘版本为：1.0.0启动耗时：202ms
2020-11-14 12:35:02 INFO  Main:31 - 正在加载配置中···
2020-11-14 12:35:03 INFO  Main:42 - 网盘的根目录：D:\wangpan\DZCXNetdiskServer\root
2020-11-14 12:35:03 INFO  Main:63 - 通用请求端口：33001
2020-11-14 12:35:03 INFO  Main:64 - 状态请求端口：33002
2020-11-14 12:35:03 INFO  Main:65 - 上传文件端口：33003
2020-11-14 12:35:03 INFO  Main:66 - 下载文件端口：33004
2020-11-14 12:35:03 INFO  Main:69 - 正在启动服务..
2020-11-14 12:35:03 INFO  Main:77 - 启动完成，网盘版本为：1.0.0启动耗时：147ms
2020-11-14 12:35:43 INFO  Main:32 - 正在加载配置中···
2020-11-14 12:35:43 INFO  Main:43 - 网盘的根目录：D:\wangpan\DZCXNetdiskServer\root
2020-11-14 12:35:43 INFO  Main:64 - 通用请求端口：33001
2020-11-14 12:35:43 INFO  Main:65 - 状态请求端口：33002
2020-11-14 12:35:43 INFO  Main:66 - 上传文件端口：33003
2020-11-14 12:35:43 INFO  Main:67 - 下载文件端口：33004
2020-11-14 12:35:43 INFO  Main:70 - 正在启动服务..
2020-11-14 12:35:43 INFO  Main:79 - 启动完成，网盘版本为：1.0.0启动耗时：164ms
2020-11-14 12:35:50 INFO  Main:36 - 新的链接建立，IP：127.0.0.1
2020-11-14 12:35:50 DEBUG Sigar:60 - no sigar-amd64-winnt.dll in java.library.path
org.hyperic.sigar.SigarException: no sigar-amd64-winnt.dll in java.library.path
	at org.hyperic.sigar.Sigar.loadLibrary(Sigar.java:172)
	at org.hyperic.sigar.Sigar.<clinit>(Sigar.java:100)
	at com.dzcx.netdisk.socket.StateSocket.<init>(StateSocket.java:18)
	at com.dzcx.netdisk.listener.StateListener.run(StateListener.java:38)
2020-11-14 12:37:07 INFO  Main:32 - 正在加载配置中···
2020-11-14 12:37:07 INFO  Main:43 - 网盘的根目录：D:\wangpan\DZCXNetdiskServer\root
2020-11-14 12:37:08 INFO  Main:64 - 通用请求端口：33001
2020-11-14 12:37:08 INFO  Main:65 - 状态请求端口：33002
2020-11-14 12:37:08 INFO  Main:66 - 上传文件端口：33003
2020-11-14 12:37:08 INFO  Main:67 - 下载文件端口：33004
2020-11-14 12:37:08 INFO  Main:70 - 正在启动服务..
2020-11-14 12:37:08 INFO  Main:79 - 启动完成，网盘版本为：1.0.0启动耗时：178ms
2020-11-14 12:37:11 INFO  Main:36 - 新的链接建立，IP：127.0.0.1
2020-11-14 12:38:08 ERROR Main:37 - Software caused connection abort: socket write error
2020-11-14 12:39:29 INFO  Main:32 - 正在加载配置中···
2020-11-14 12:39:29 INFO  Main:43 - 网盘的根目录：D:\wangpan\DZCXNetdiskServer\root
2020-11-14 12:39:29 INFO  Main:64 - 通用请求端口：33001
2020-11-14 12:39:29 INFO  Main:65 - 状态请求端口：33002
2020-11-14 12:39:29 INFO  Main:66 - 上传文件端口：33003
2020-11-14 12:39:29 INFO  Main:67 - 下载文件端口：33004
2020-11-14 12:39:29 INFO  Main:70 - 正在启动服务..
2020-11-14 12:39:29 INFO  Main:79 - 启动完成，网盘版本为：1.0.0启动耗时：246ms
2020-11-14 12:39:36 INFO  Main:36 - 新的链接建立，IP：127.0.0.1
2020-11-14 19:37:28 INFO  Main:32 - 正在加载配置中···
2020-11-14 19:37:28 INFO  Main:43 - 网盘的根目录：C:\wangpan\DZCXNetdiskServer\root
2020-11-14 19:37:28 INFO  Main:64 - 通用请求端口：33001
2020-11-14 19:37:28 INFO  Main:65 - 状态请求端口：33002
2020-11-14 19:37:28 INFO  Main:66 - 上传文件端口：33003
2020-11-14 19:37:28 INFO  Main:67 - 下载文件端口：33004
2020-11-14 19:37:28 INFO  Main:70 - 正在启动服务..
2020-11-14 19:37:28 INFO  Main:79 - 启动完成，网盘版本为：1.0.0启动耗时：93ms
2020-11-14 19:37:55 INFO  Main:32 - 正在加载配置中···
2020-11-14 19:37:55 INFO  Main:43 - 网盘的根目录：C:\wangpan\DZCXNetdiskServer\root
2020-11-14 19:37:55 INFO  Main:64 - 通用请求端口：33001
2020-11-14 19:37:55 INFO  Main:65 - 状态请求端口：33002
2020-11-14 19:37:55 INFO  Main:66 - 上传文件端口：33003
2020-11-14 19:37:55 INFO  Main:67 - 下载文件端口：33004
2020-11-14 19:37:55 INFO  Main:70 - 正在启动服务..
2020-11-14 19:37:55 INFO  Main:79 - 启动完成，网盘版本为：1.0.0启动耗时：95ms
2020-11-14 19:38:47 INFO  Main:36 - 新的链接建立，IP：127.0.0.1
2020-11-14 19:38:48 INFO  Main:37 - State socket 断开连接
2020-11-14 19:38:56 INFO  Main:36 - 新的链接建立，IP：127.0.0.1
2020-11-14 19:38:56 INFO  Main:37 - State socket 断开连接
2020-11-14 19:38:58 INFO  Main:36 - 新的链接建立，IP：127.0.0.1
2020-11-14 19:38:58 INFO  Main:37 - State socket 断开连接
2020-11-14 19:39:29 INFO  Main:32 - 正在加载配置中···
2020-11-14 19:39:29 INFO  Main:43 - 网盘的根目录：C:\wangpan\DZCXNetdiskServer\root
2020-11-14 19:39:29 INFO  Main:64 - 通用请求端口：33001
2020-11-14 19:39:29 INFO  Main:65 - 状态请求端口：33002
2020-11-14 19:39:29 INFO  Main:66 - 上传文件端口：33003
2020-11-14 19:39:29 INFO  Main:67 - 下载文件端口：33004
2020-11-14 19:39:29 INFO  Main:70 - 正在启动服务..
2020-11-14 19:39:29 INFO  Main:79 - 启动完成，网盘版本为：1.0.0启动耗时：67ms
2020-11-14 19:39:41 INFO  Main:36 - 新的链接建立，IP：127.0.0.1
2020-11-14 19:39:41 INFO  Main:37 - State socket 断开连接
2020-11-14 19:40:01 INFO  Main:32 - 正在加载配置中···
2020-11-14 19:40:01 INFO  Main:43 - 网盘的根目录：C:\wangpan\DZCXNetdiskServer\root
2020-11-14 19:40:01 INFO  Main:64 - 通用请求端口：33001
2020-11-14 19:40:01 INFO  Main:65 - 状态请求端口：33002
2020-11-14 19:40:01 INFO  Main:66 - 上传文件端口：33003
2020-11-14 19:40:01 INFO  Main:67 - 下载文件端口：33004
2020-11-14 19:40:01 INFO  Main:70 - 正在启动服务..
2020-11-14 19:40:01 INFO  Main:79 - 启动完成，网盘版本为：1.0.0启动耗时：56ms
2020-11-14 19:40:06 INFO  Main:36 - 新的链接建立，IP：127.0.0.1
2020-11-14 19:40:06 INFO  Main:38 - State socket 断开连接
2020-11-14 19:40:27 INFO  Main:32 - 正在加载配置中···
2020-11-14 19:40:27 INFO  Main:43 - 网盘的根目录：C:\wangpan\DZCXNetdiskServer\root
2020-11-14 19:40:27 INFO  Main:64 - 通用请求端口：33001
2020-11-14 19:40:27 INFO  Main:65 - 状态请求端口：33002
2020-11-14 19:40:27 INFO  Main:66 - 上传文件端口：33003
2020-11-14 19:40:27 INFO  Main:67 - 下载文件端口：33004
2020-11-14 19:40:27 INFO  Main:70 - 正在启动服务..
2020-11-14 19:40:27 INFO  Main:79 - 启动完成，网盘版本为：1.0.0启动耗时：66ms
2020-11-14 19:40:31 INFO  Main:36 - 新的链接建立，IP：127.0.0.1
2020-11-14 19:40:43 INFO  Main:38 - State socket 断开连接
2020-11-25 14:08:20 INFO  Main:32 - 正在加载配置中···
2020-11-25 14:08:20 INFO  Main:43 - 网盘的根目录：C:\wangpan\DZCXNetdiskServer\root
2020-11-25 14:08:20 INFO  Main:64 - 通用请求端口：33001
2020-11-25 14:08:20 INFO  Main:65 - 状态请求端口：33002
2020-11-25 14:08:20 INFO  Main:66 - 上传文件端口：33003
2020-11-25 14:08:20 INFO  Main:67 - 下载文件端口：33004
2020-11-25 14:08:20 INFO  Main:70 - 正在启动服务..
2020-11-25 14:08:20 INFO  Main:79 - 启动完成，网盘版本为：1.0.0启动耗时：86ms
2020-11-17 23:03:32 INFO  Main:32 - 正在加载配置中···
2020-11-17 23:03:32 INFO  Main:43 - 网盘的根目录：D:\MyNetdisk\DZCXNetdiskServer\root
2020-11-17 23:03:33 INFO  Main:64 - 通用请求端口：33001
2020-11-17 23:03:33 INFO  Main:65 - 状态请求端口：33002
2020-11-17 23:03:33 INFO  Main:66 - 上传文件端口：33003
2020-11-17 23:03:33 INFO  Main:67 - 下载文件端口：33004
2020-11-17 23:03:33 INFO  Main:70 - 正在启动服务..
2020-11-17 23:03:33 INFO  Main:79 - 启动完成，网盘版本为：1.0.0启动耗时：395ms
2020-11-17 23:03:52 INFO  Main:36 - 新的链接建立，IP：127.0.0.1
2020-11-17 23:08:45 INFO  Main:37 - State socket 断开连接
2020-11-17 23:11:23 INFO  Main:36 - 新的链接建立，IP：127.0.0.1
2020-11-17 23:59:33 INFO  Main:37 - State socket 断开连接
2020-11-17 23:59:40 INFO  Main:36 - 新的链接建立，IP：127.0.0.1
2020-11-18 00:15:27 INFO  Main:37 - State socket 断开连接
2020-11-18 00:15:37 INFO  Main:36 - 新的链接建立，IP：127.0.0.1
2020-11-18 00:16:07 INFO  Main:37 - State socket 断开连接
2020-11-18 00:16:41 INFO  Main:36 - 新的链接建立，IP：127.0.0.1
2020-11-18 00:17:21 INFO  Main:37 - State socket 断开连接
2020-11-18 00:17:33 INFO  Main:36 - 新的链接建立，IP：127.0.0.1
2020-11-18 00:17:42 INFO  Main:37 - State socket 断开连接
2020-11-18 00:18:45 INFO  Main:36 - 新的链接建立，IP：127.0.0.1
2020-11-18 00:18:51 INFO  Main:37 - State socket 断开连接
2020-11-18 00:19:04 INFO  Main:36 - 新的链接建立，IP：127.0.0.1
2020-11-18 00:20:20 INFO  Main:37 - State socket 断开连接
2020-11-18 00:20:25 INFO  Main:36 - 新的链接建立，IP：127.0.0.1
2020-11-18 00:20:29 INFO  Main:37 - State socket 断开连接
2020-11-18 00:20:41 INFO  Main:36 - 新的链接建立，IP：127.0.0.1
2020-11-18 00:20:47 INFO  Main:37 - State socket 断开连接
2020-11-18 00:20:57 INFO  Main:36 - 新的链接建立，IP：127.0.0.1
2020-11-18 00:21:01 INFO  Main:37 - State socket 断开连接
2020-11-18 00:21:11 INFO  Main:36 - 新的链接建立，IP：127.0.0.1
2020-11-18 00:21:15 INFO  Main:37 - State socket 断开连接
2020-11-18 00:21:25 INFO  Main:36 - 新的链接建立，IP：127.0.0.1
2020-11-18 00:21:29 INFO  Main:37 - State socket 断开连接
2020-11-18 00:21:40 INFO  Main:36 - 新的链接建立，IP：127.0.0.1
2020-11-18 00:23:20 INFO  Main:37 - State socket 断开连接
2020-11-18 00:23:27 INFO  Main:36 - 新的链接建立，IP：127.0.0.1
2020-11-18 00:23:29 INFO  Main:37 - State socket 断开连接
2020-11-18 00:23:40 INFO  Main:36 - 新的链接建立，IP：127.0.0.1
2020-11-18 00:23:46 INFO  Main:37 - State socket 断开连接
2020-11-18 00:24:06 INFO  Main:36 - 新的链接建立，IP：127.0.0.1
2020-11-18 01:05:16 INFO  Main:37 - State socket 断开连接
2020-11-25 14:10:16 INFO  Main:32 - 正在加载配置中···
2020-11-25 14:10:16 INFO  Main:43 - 网盘的根目录：C:\wangpan\DZCXNetdiskServer\root
2020-11-25 14:10:16 INFO  Main:64 - 通用请求端口：33001
2020-11-25 14:10:16 INFO  Main:65 - 状态请求端口：33002
2020-11-25 14:10:16 INFO  Main:66 - 上传文件端口：33003
2020-11-25 14:10:16 INFO  Main:67 - 下载文件端口：33004
2020-11-25 14:10:16 INFO  Main:70 - 正在启动服务..
2020-11-25 14:10:16 INFO  Main:79 - 启动完成，网盘版本为：1.0.0启动耗时：71ms
2020-11-25 14:10:25 INFO  Main:36 - 新的链接建立，IP：127.0.0.1
2020-11-25 14:11:19 INFO  Main:38 - State socket 断开连接
2020-11-25 14:16:15 INFO  Main:36 - 新的链接建立，IP：127.0.0.1
2020-11-25 14:16:23 INFO  Main:38 - State socket 断开连接
2020-11-25 14:20:10 INFO  Main:36 - 新的链接建立，IP：127.0.0.1
2020-11-25 14:20:26 INFO  Main:38 - State socket 断开连接
2020-11-25 14:20:34 INFO  Main:36 - 新的链接建立，IP：127.0.0.1
2020-11-25 14:20:54 INFO  Main:38 - State socket 断开连接
2020-11-25 14:21:19 INFO  Main:36 - 新的链接建立，IP：127.0.0.1
2020-11-25 14:21:26 INFO  Main:38 - State socket 断开连接
2020-11-25 14:21:44 INFO  Main:36 - 新的链接建立，IP：127.0.0.1
2020-11-25 14:22:43 INFO  Main:38 - State socket 断开连接
2020-11-25 14:24:01 INFO  Main:36 - 新的链接建立，IP：127.0.0.1
2020-11-25 14:25:43 INFO  Main:38 - State socket 断开连接
2020-11-25 14:25:46 INFO  Main:36 - 新的链接建立，IP：127.0.0.1
2020-11-25 14:25:56 INFO  Main:38 - State socket 断开连接
2020-11-25 14:26:35 INFO  Main:36 - 新的链接建立，IP：127.0.0.1
2020-11-25 14:26:46 INFO  Main:38 - State socket 断开连接
2020-11-25 14:28:37 INFO  Main:36 - 新的链接建立，IP：127.0.0.1
2020-11-25 14:28:40 INFO  Main:38 - State socket 断开连接
2020-11-25 14:28:44 INFO  Main:36 - 新的链接建立，IP：127.0.0.1
2020-11-25 14:28:51 INFO  Main:38 - State socket 断开连接
2020-11-25 14:30:00 INFO  Main:36 - 新的链接建立，IP：127.0.0.1
2020-11-25 14:30:03 INFO  Main:38 - State socket 断开连接
2020-11-25 14:30:25 INFO  Main:36 - 新的链接建立，IP：127.0.0.1
2020-11-25 14:30:28 INFO  Main:38 - State socket 断开连接
2020-11-25 14:33:57 INFO  Main:36 - 新的链接建立，IP：127.0.0.1
2020-11-25 14:34:04 INFO  Main:38 - State socket 断开连接
2020-11-25 14:35:06 INFO  Main:36 - 新的链接建立，IP：127.0.0.1
2020-11-25 14:35:07 INFO  Main:38 - State socket 断开连接
2020-11-25 14:35:22 INFO  Main:36 - 新的链接建立，IP：127.0.0.1
2020-11-25 14:36:17 INFO  Main:38 - State socket 断开连接
2020-11-25 14:36:59 INFO  Main:36 - 新的链接建立，IP：127.0.0.1
2020-11-25 14:37:48 INFO  Main:38 - State socket 断开连接
2020-11-25 14:41:46 INFO  Main:36 - 新的链接建立，IP：127.0.0.1
2020-11-25 14:41:50 INFO  Main:38 - State socket 断开连接
2020-11-25 14:42:37 INFO  Main:36 - 新的链接建立，IP：127.0.0.1
2020-11-25 14:43:02 INFO  Main:38 - State socket 断开连接
2020-11-25 14:43:39 INFO  Main:36 - 新的链接建立，IP：127.0.0.1
2020-11-25 14:44:30 INFO  Main:38 - State socket 断开连接
2020-11-25 14:44:41 INFO  Main:36 - 新的链接建立，IP：127.0.0.1
2020-11-25 14:48:28 INFO  Main:38 - State socket 断开连接
2020-11-25 14:48:40 INFO  Main:36 - 新的链接建立，IP：127.0.0.1
2020-11-25 18:45:24 INFO  Main:38 - State socket 断开连接
2020-11-29 08:19:45 INFO  Main:32 - 正在加载配置中···
2020-11-29 08:19:45 INFO  Main:43 - 网盘的根目录：D:\MyNetdisk\DZCXNetdiskServer\root
2020-11-29 08:19:45 INFO  Main:64 - 通用请求端口：33001
2020-11-29 08:19:45 INFO  Main:65 - 状态请求端口：33002
2020-11-29 08:19:45 INFO  Main:66 - 上传文件端口：33003
2020-11-29 08:19:45 INFO  Main:67 - 下载文件端口：33004
2020-11-29 08:19:45 INFO  Main:70 - 正在启动服务..
2020-11-29 08:19:45 INFO  Main:79 - 启动完成，网盘版本为：1.0.0启动耗时：160ms
2020-11-29 08:20:01 INFO  Main:36 - 新的链接建立，IP：127.0.0.1
2020-11-29 08:21:13 INFO  Main:37 - State socket 断开连接
2020-11-29 08:21:25 INFO  Main:36 - 新的链接建立，IP：127.0.0.1
2020-11-29 08:21:59 INFO  Main:37 - State socket 断开连接
2020-11-29 09:42:58 INFO  Main:32 - 正在加载配置中···
2020-11-29 09:42:59 INFO  Main:43 - 网盘的根目录：D:\MyNetdisk\DZCXNetdiskServer\root
2020-11-29 09:42:59 INFO  Main:64 - 通用请求端口：33001
2020-11-29 09:42:59 INFO  Main:65 - 状态请求端口：33002
2020-11-29 09:42:59 INFO  Main:66 - 上传文件端口：33003
2020-11-29 09:42:59 INFO  Main:67 - 下载文件端口：33004
2020-11-29 09:42:59 INFO  Main:70 - 正在启动服务..
2020-11-29 09:42:59 INFO  Main:79 - 启动完成，网盘版本为：1.0.0启动耗时：607ms
2020-11-29 09:43:40 INFO  Main:36 - 新的链接建立，IP：127.0.0.1
2020-11-29 09:45:23 INFO  Main:37 - State socket 断开连接
2020-12-02 16:19:30 INFO  Main:32 - 正在加载配置中···
2020-12-02 16:19:30 INFO  Main:43 - 网盘的根目录：D:\MyNetdisk\DZCXNetdiskServer\root
2020-12-02 16:19:30 INFO  Main:64 - 通用请求端口：33001
2020-12-02 16:19:30 INFO  Main:65 - 状态请求端口：33002
2020-12-02 16:19:30 INFO  Main:66 - 上传文件端口：33003
2020-12-02 16:19:30 INFO  Main:67 - 下载文件端口：33004
2020-12-02 16:19:30 INFO  Main:70 - 正在启动服务..
2020-12-02 16:19:30 INFO  Main:79 - 启动完成，网盘版本为：1.0.0启动耗时：149ms
2020-12-02 16:20:23 INFO  Main:36 - 新的链接建立，IP：127.0.0.1
2020-12-02 16:20:44 INFO  Main:37 - State socket 断开连接
2020-12-02 21:07:23 INFO  Main:32 - 正在加载配置中···
2020-12-02 21:07:23 INFO  Main:43 - 网盘的根目录：D:\MyNetdisk\DZCXNetdiskServer\root
2020-12-02 21:07:23 INFO  Main:64 - 通用请求端口：33001
2020-12-02 21:07:23 INFO  Main:65 - 状态请求端口：33002
2020-12-02 21:07:23 INFO  Main:66 - 上传文件端口：33003
2020-12-02 21:07:23 INFO  Main:67 - 下载文件端口：33004
2020-12-02 21:07:23 INFO  Main:70 - 正在启动服务..
2020-12-02 21:07:23 INFO  Main:79 - 启动完成，网盘版本为：1.0.0启动耗时：153ms
2020-12-02 21:09:10 INFO  Main:33 - 正在加载配置中···
2020-12-02 21:09:10 INFO  Main:44 - 网盘的根目录：D:\MyNetdisk\DZCXNetdiskServer\root
2020-12-02 21:09:10 INFO  Main:65 - 通用请求端口：33001
2020-12-02 21:09:10 INFO  Main:66 - 状态请求端口：33002
2020-12-02 21:09:10 INFO  Main:67 - 上传文件端口：33003
2020-12-02 21:09:10 INFO  Main:68 - 下载文件端口：33004
2020-12-02 21:09:10 INFO  Main:71 - 正在启动服务..
2020-12-02 21:09:10 INFO  Main:83 - 启动完成，网盘版本为：1.0.0启动耗时：233ms
2020-12-02 21:09:23 INFO  Main:36 - 新的链接建立，IP：127.0.0.1
2020-12-02 21:09:23 INFO  Main:19 - 获取服务器配置。。。
2020-12-02 21:09:36 INFO  Main:37 - State socket 断开连接
2020-12-02 21:10:37 INFO  Main:36 - 新的链接建立，IP：127.0.0.1
2020-12-02 21:10:37 INFO  Main:19 - 获取服务器配置。。。
2020-12-02 21:10:40 INFO  Main:37 - State socket 断开连接
2020-12-02 21:49:05 INFO  Main:33 - 正在加载配置中···
2020-12-02 21:49:05 INFO  Main:44 - 网盘的根目录：D:\MyNetdisk\DZCXNetdiskServer\root
2020-12-02 21:49:05 INFO  Main:65 - 通用请求端口：33001
2020-12-02 21:49:05 INFO  Main:66 - 状态请求端口：33002
2020-12-02 21:49:05 INFO  Main:67 - 上传文件端口：33003
2020-12-02 21:49:05 INFO  Main:68 - 下载文件端口：33004
2020-12-02 21:49:05 INFO  Main:71 - 正在启动服务..
2020-12-02 21:49:05 INFO  Main:83 - 启动完成，网盘版本为：1.0.0启动耗时：93ms
2020-12-02 21:49:27 INFO  Main:36 - 新的链接建立，IP：127.0.0.1
2020-12-02 21:49:28 INFO  Main:20 - 获取服务器配置。。。
2020-12-02 21:49:28 INFO  Main:26 - 获取服务器文件列表。。。
2020-12-02 21:50:58 INFO  Main:37 - State socket 断开连接
2020-12-02 21:53:54 INFO  Main:36 - 新的链接建立，IP：127.0.0.1
2020-12-02 21:53:54 INFO  Main:26 - 获取服务器文件列表。。。
2020-12-02 21:53:54 INFO  Main:20 - 获取服务器配置。。。
2020-12-02 21:54:11 INFO  Main:37 - State socket 断开连接
2020-12-02 21:56:17 INFO  Main:33 - 正在加载配置中···
2020-12-02 21:56:17 INFO  Main:44 - 网盘的根目录：D:\MyNetdisk\DZCXNetdiskServer\root
2020-12-02 21:56:17 INFO  Main:65 - 通用请求端口：33001
2020-12-02 21:56:17 INFO  Main:66 - 状态请求端口：33002
2020-12-02 21:56:17 INFO  Main:67 - 上传文件端口：33003
2020-12-02 21:56:17 INFO  Main:68 - 下载文件端口：33004
2020-12-02 21:56:17 INFO  Main:71 - 正在启动服务..
2020-12-02 21:56:17 INFO  Main:83 - 启动完成，网盘版本为：1.0.0启动耗时：211ms
2020-12-02 21:56:40 INFO  Main:36 - 新的链接建立，IP：127.0.0.1
2020-12-02 21:56:40 INFO  Main:26 - 获取服务器文件列表。。。
2020-12-02 21:56:40 INFO  Main:20 - 获取服务器配置。。。
2020-12-02 21:58:58 INFO  Main:37 - State socket 断开连接
2020-12-02 22:43:34 INFO  Main:33 - 正在加载配置中···
2020-12-02 22:43:35 INFO  Main:44 - 网盘的根目录：D:\MyNetdisk\DZCXNetdiskServer\root
2020-12-02 22:43:35 INFO  Main:65 - 通用请求端口：33001
2020-12-02 22:43:35 INFO  Main:66 - 状态请求端口：33002
2020-12-02 22:43:35 INFO  Main:67 - 上传文件端口：33003
2020-12-02 22:43:35 INFO  Main:68 - 下载文件端口：33004
2020-12-02 22:43:35 INFO  Main:71 - 正在启动服务..
2020-12-02 22:43:35 INFO  Main:83 - 启动完成，网盘版本为：1.0.0启动耗时：202ms
2020-12-02 22:43:49 INFO  Main:36 - 新的链接建立，IP：127.0.0.1
2020-12-02 22:43:49 INFO  Main:20 - 获取服务器配置。。。
2020-12-02 22:43:49 INFO  Main:26 - 获取服务器文件列表。。。
2020-12-02 22:43:57 INFO  Main:37 - State socket 断开连接
2020-12-02 22:44:27 INFO  Main:36 - 新的链接建立，IP：127.0.0.1
2020-12-02 22:44:27 INFO  Main:20 - 获取服务器配置。。。
2020-12-02 22:44:27 INFO  Main:26 - 获取服务器文件列表。。。
2020-12-02 22:44:37 INFO  Main:37 - State socket 断开连接
2020-12-02 22:45:07 INFO  Main:36 - 新的链接建立，IP：127.0.0.1
2020-12-02 22:45:08 INFO  Main:20 - 获取服务器配置。。。
2020-12-02 22:45:08 INFO  Main:26 - 获取服务器文件列表。。。
2020-12-02 22:45:11 INFO  Main:37 - State socket 断开连接
2020-12-02 22:45:21 INFO  Main:36 - 新的链接建立，IP：127.0.0.1
2020-12-02 22:45:22 INFO  Main:26 - 获取服务器文件列表。。。
2020-12-02 22:45:22 INFO  Main:20 - 获取服务器配置。。。
2020-12-02 22:45:35 INFO  Main:37 - State socket 断开连接
2020-12-03 00:18:18 INFO  Main:36 - 新的链接建立，IP：127.0.0.1
2020-12-03 00:18:19 INFO  Main:26 - 获取服务器文件列表。。。
2020-12-03 00:18:19 INFO  Main:20 - 获取服务器配置。。。
2020-12-03 00:19:55 INFO  Main:37 - State socket 断开连接
2020-12-03 00:21:41 INFO  Main:36 - 新的链接建立，IP：127.0.0.1
2020-12-03 00:21:41 INFO  Main:26 - 获取服务器文件列表。。。
2020-12-03 00:21:41 INFO  Main:20 - 获取服务器配置。。。
2020-12-03 00:21:45 INFO  Main:37 - State socket 断开连接
2020-12-03 00:24:27 INFO  Main:36 - 新的链接建立，IP：127.0.0.1
2020-12-03 00:24:28 INFO  Main:20 - 获取服务器配置。。。
2020-12-03 00:24:28 INFO  Main:26 - 获取服务器文件列表。。。
2020-12-03 00:24:36 INFO  Main:37 - State socket 断开连接
2020-12-03 12:39:43 INFO  Main:33 - 正在加载配置中···
2020-12-03 12:39:43 INFO  Main:44 - 网盘的根目录：C:\wangpan\DZCXNetdiskServer\root
2020-12-03 12:39:43 INFO  Main:65 - 通用请求端口：33001
2020-12-03 12:39:43 INFO  Main:66 - 状态请求端口：33002
2020-12-03 12:39:43 INFO  Main:67 - 上传文件端口：33003
2020-12-03 12:39:43 INFO  Main:68 - 下载文件端口：33004
2020-12-03 12:39:43 INFO  Main:71 - 正在启动服务..
2020-12-03 12:39:43 INFO  Main:83 - 启动完成，网盘版本为：1.0.0启动耗时：54ms
2020-12-03 12:39:53 INFO  Main:36 - 新的链接建立，IP：127.0.0.1
2020-12-03 12:39:53 INFO  Main:26 - 获取服务器文件列表。。。
2020-12-03 12:39:53 INFO  Main:20 - 获取服务器配置。。。
2020-12-03 12:40:04 INFO  Main:26 - 获取服务器文件列表。。。
2020-12-03 12:40:08 INFO  Main:26 - 获取服务器文件列表。。。
2020-12-03 12:40:09 INFO  Main:26 - 获取服务器文件列表。。。
2020-12-03 12:40:11 INFO  Main:26 - 获取服务器文件列表。。。
2020-12-03 12:40:13 INFO  Main:26 - 获取服务器文件列表。。。
2020-12-03 12:40:15 INFO  Main:26 - 获取服务器文件列表。。。
2020-12-03 12:40:17 INFO  Main:26 - 获取服务器文件列表。。。
2020-12-03 12:40:18 INFO  Main:26 - 获取服务器文件列表。。。
2020-12-03 12:40:19 INFO  Main:26 - 获取服务器文件列表。。。
2020-12-03 12:42:04 INFO  Main:37 - State socket 断开连接
2020-12-03 12:44:31 INFO  Main:36 - 新的链接建立，IP：127.0.0.1
2020-12-03 12:44:31 INFO  Main:20 - 获取服务器配置。。。
2020-12-03 12:44:31 INFO  Main:26 - 获取服务器文件列表。。。
2020-12-03 12:45:04 INFO  Main:37 - State socket 断开连接
2020-12-03 12:45:07 INFO  Main:36 - 新的链接建立，IP：127.0.0.1
2020-12-03 12:45:07 INFO  Main:26 - 获取服务器文件列表。。。
2020-12-03 12:45:07 INFO  Main:20 - 获取服务器配置。。。
2020-12-03 12:45:10 INFO  Main:26 - 获取服务器文件列表。。。
2020-12-03 12:45:11 INFO  Main:26 - 获取服务器文件列表。。。
2020-12-03 12:45:12 INFO  Main:26 - 获取服务器文件列表。。。
2020-12-03 12:45:13 INFO  Main:26 - 获取服务器文件列表。。。
2020-12-03 12:45:14 INFO  Main:26 - 获取服务器文件列表。。。
2020-12-03 12:45:15 INFO  Main:26 - 获取服务器文件列表。。。
2020-12-03 12:45:16 INFO  Main:26 - 获取服务器文件列表。。。
2020-12-03 12:45:16 INFO  Main:26 - 获取服务器文件列表。。。
2020-12-03 12:46:31 INFO  Main:26 - 获取服务器文件列表。。。
2020-12-03 12:46:32 INFO  Main:26 - 获取服务器文件列表。。。
2020-12-03 12:46:33 INFO  Main:26 - 获取服务器文件列表。。。
2020-12-03 12:46:33 INFO  Main:26 - 获取服务器文件列表。。。
2020-12-03 12:46:34 INFO  Main:26 - 获取服务器文件列表。。。
2020-12-03 12:46:34 INFO  Main:26 - 获取服务器文件列表。。。
2020-12-03 12:46:45 INFO  Main:37 - State socket 断开连接
2020-12-03 12:47:09 INFO  Main:36 - 新的链接建立，IP：127.0.0.1
2020-12-03 12:47:09 INFO  Main:26 - 获取服务器文件列表。。。
2020-12-03 12:47:09 INFO  Main:20 - 获取服务器配置。。。
2020-12-03 12:47:17 INFO  Main:26 - 获取服务器文件列表。。。
2020-12-03 12:47:19 INFO  Main:26 - 获取服务器文件列表。。。
2020-12-03 12:47:23 INFO  Main:26 - 获取服务器文件列表。。。
2020-12-03 12:47:23 INFO  Main:26 - 获取服务器文件列表。。。
2020-12-03 12:47:28 INFO  Main:26 - 获取服务器文件列表。。。
2020-12-03 12:47:28 INFO  Main:26 - 获取服务器文件列表。。。
2020-12-03 12:47:30 INFO  Main:26 - 获取服务器文件列表。。。
2020-12-03 12:47:31 INFO  Main:26 - 获取服务器文件列表。。。
2020-12-03 12:47:32 INFO  Main:26 - 获取服务器文件列表。。。
2020-12-03 12:47:34 INFO  Main:26 - 获取服务器文件列表。。。
2020-12-03 12:47:36 INFO  Main:26 - 获取服务器文件列表。。。
2020-12-03 12:47:38 INFO  Main:26 - 获取服务器文件列表。。。
2020-12-03 12:47:46 INFO  Main:37 - State socket 断开连接
2020-12-03 12:50:55 INFO  Main:36 - 新的链接建立，IP：127.0.0.1
2020-12-03 12:50:55 INFO  Main:20 - 获取服务器配置。。。
2020-12-03 12:50:55 INFO  Main:26 - 获取服务器文件列表。。。
2020-12-03 12:51:17 INFO  Main:26 - 获取服务器文件列表。。。
2020-12-03 12:51:19 INFO  Main:26 - 获取服务器文件列表。。。
2020-12-03 12:51:20 INFO  Main:26 - 获取服务器文件列表。。。
2020-12-03 12:51:20 INFO  Main:26 - 获取服务器文件列表。。。
2020-12-03 12:51:21 INFO  Main:26 - 获取服务器文件列表。。。
2020-12-03 12:51:21 INFO  Main:26 - 获取服务器文件列表。。。
2020-12-03 12:51:51 INFO  Main:26 - 获取服务器文件列表。。。
2020-12-03 12:51:52 INFO  Main:26 - 获取服务器文件列表。。。
2020-12-03 12:51:57 INFO  Main:26 - 获取服务器文件列表。。。
2020-12-03 12:51:58 INFO  Main:26 - 获取服务器文件列表。。。
2020-12-03 12:51:59 INFO  Main:26 - 获取服务器文件列表。。。
2020-12-03 12:51:59 INFO  Main:26 - 获取服务器文件列表。。。
2020-12-03 12:53:19 INFO  Main:26 - 获取服务器文件列表。。。
2020-12-03 12:53:22 INFO  Main:26 - 获取服务器文件列表。。。
2020-12-03 12:53:54 INFO  Main:26 - 获取服务器文件列表。。。
2020-12-03 12:57:04 INFO  Main:37 - State socket 断开连接
2020-12-03 12:57:42 INFO  Main:33 - 正在加载配置中···
2020-12-03 12:57:42 INFO  Main:44 - 网盘的根目录：C:\wangpan\DZCXNetdiskServer\root
2020-12-03 12:57:42 INFO  Main:65 - 通用请求端口：33001
2020-12-03 12:57:42 INFO  Main:66 - 状态请求端口：33002
2020-12-03 12:57:42 INFO  Main:67 - 上传文件端口：33003
2020-12-03 12:57:42 INFO  Main:68 - 下载文件端口：33004
2020-12-03 12:57:42 INFO  Main:71 - 正在启动服务..
2020-12-03 12:57:42 INFO  Main:83 - 启动完成，网盘版本为：1.0.0启动耗时：51ms
2020-12-03 12:57:48 INFO  Main:36 - 新的链接建立，IP：127.0.0.1
2020-12-03 12:57:48 INFO  Main:20 - 获取服务器配置。。。
2020-12-03 12:57:48 INFO  Main:26 - 获取服务器文件列表。。。
2020-12-03 13:00:07 INFO  Main:37 - State socket 断开连接
2020-12-03 13:25:34 INFO  Main:33 - 正在加载配置中···
2020-12-03 13:25:34 INFO  Main:44 - 网盘的根目录：C:\wangpan\DZCXNetdiskServer\root
2020-12-03 13:25:34 INFO  Main:65 - 通用请求端口：33001
2020-12-03 13:25:34 INFO  Main:66 - 状态请求端口：33002
2020-12-03 13:25:34 INFO  Main:67 - 上传文件端口：33003
2020-12-03 13:25:34 INFO  Main:68 - 下载文件端口：33004
2020-12-03 13:25:34 INFO  Main:71 - 正在启动服务..
2020-12-03 13:25:34 INFO  Main:83 - 启动完成，网盘版本为：1.0.0启动耗时：51ms
2020-12-03 13:25:41 INFO  Main:36 - 新的链接建立，IP：127.0.0.1
2020-12-03 13:25:41 INFO  Main:20 - 获取服务器配置。。。
2020-12-03 13:25:41 INFO  Main:26 - 获取服务器文件列表。。。
2020-12-03 13:25:48 INFO  Main:37 - State socket 断开连接
2020-12-03 13:26:13 INFO  Main:36 - 新的链接建立，IP：127.0.0.1
2020-12-03 13:26:13 INFO  Main:26 - 获取服务器文件列表。。。
2020-12-03 13:26:13 INFO  Main:20 - 获取服务器配置。。。
2020-12-03 13:28:19 INFO  Main:37 - State socket 断开连接
2020-12-03 13:28:23 INFO  Main:36 - 新的链接建立，IP：127.0.0.1
2020-12-03 13:28:23 INFO  Main:26 - 获取服务器文件列表。。。
2020-12-03 13:28:23 INFO  Main:20 - 获取服务器配置。。。
2020-12-03 13:28:37 INFO  Main:37 - State socket 断开连接
2020-12-03 13:28:40 INFO  Main:36 - 新的链接建立，IP：127.0.0.1
2020-12-03 13:28:40 INFO  Main:26 - 获取服务器文件列表。。。
2020-12-03 13:28:40 INFO  Main:20 - 获取服务器配置。。。
2020-12-03 13:28:58 INFO  Main:37 - State socket 断开连接
2020-12-03 13:30:40 INFO  Main:36 - 新的链接建立，IP：127.0.0.1
2020-12-03 13:30:40 INFO  Main:20 - 获取服务器配置。。。
2020-12-03 13:30:40 INFO  Main:26 - 获取服务器文件列表。。。
2020-12-03 13:30:47 INFO  Main:37 - State socket 断开连接
2020-12-03 13:35:27 INFO  Main:36 - 新的链接建立，IP：127.0.0.1
2020-12-03 13:35:27 INFO  Main:26 - 获取服务器文件列表。。。
2020-12-03 13:35:27 INFO  Main:20 - 获取服务器配置。。。
2020-12-03 13:35:38 INFO  Main:37 - State socket 断开连接
2020-12-03 13:36:16 INFO  Main:36 - 新的链接建立，IP：127.0.0.1
2020-12-03 13:36:16 INFO  Main:20 - 获取服务器配置。。。
2020-12-03 13:36:16 INFO  Main:26 - 获取服务器文件列表。。。
2020-12-03 13:36:46 INFO  Main:37 - State socket 断开连接
2020-12-03 13:37:19 INFO  Main:36 - 新的链接建立，IP：127.0.0.1
2020-12-03 13:37:20 INFO  Main:26 - 获取服务器文件列表。。。
2020-12-03 13:37:20 INFO  Main:20 - 获取服务器配置。。。
2020-12-03 13:37:24 INFO  Main:37 - State socket 断开连接
2020-12-03 13:39:33 INFO  Main:36 - 新的链接建立，IP：127.0.0.1
2020-12-03 13:39:33 INFO  Main:26 - 获取服务器文件列表。。。
2020-12-03 13:39:33 INFO  Main:20 - 获取服务器配置。。。
2020-12-03 13:39:38 INFO  Main:37 - State socket 断开连接
2020-12-03 13:40:07 INFO  Main:36 - 新的链接建立，IP：127.0.0.1
2020-12-03 13:40:07 INFO  Main:26 - 获取服务器文件列表。。。
2020-12-03 13:40:07 INFO  Main:20 - 获取服务器配置。。。
2020-12-03 13:40:44 INFO  Main:37 - State socket 断开连接
2020-12-03 13:48:50 INFO  Main:36 - 新的链接建立，IP：127.0.0.1
2020-12-03 13:48:50 INFO  Main:26 - 获取服务器文件列表。。。
2020-12-03 13:48:50 INFO  Main:20 - 获取服务器配置。。。
2020-12-03 13:48:52 INFO  Main:26 - 获取服务器文件列表。。。
2020-12-03 13:48:53 INFO  Main:26 - 获取服务器文件列表。。。
2020-12-03 13:49:46 INFO  Main:37 - State socket 断开连接
2020-12-03 13:49:49 INFO  Main:36 - 新的链接建立，IP：127.0.0.1
2020-12-03 13:49:49 INFO  Main:20 - 获取服务器配置。。。
2020-12-03 13:49:49 INFO  Main:26 - 获取服务器文件列表。。。
2020-12-03 13:50:08 INFO  Main:37 - State socket 断开连接
2020-12-03 16:54:23 INFO  Main:33 - 正在加载配置中···
2020-12-03 16:54:23 INFO  Main:44 - 网盘的根目录：C:\wangpan\DZCXNetdiskServer\root
2020-12-03 16:54:23 INFO  Main:65 - 通用请求端口：33001
2020-12-03 16:54:23 INFO  Main:66 - 状态请求端口：33002
2020-12-03 16:54:23 INFO  Main:67 - 上传文件端口：33003
2020-12-03 16:54:23 INFO  Main:68 - 下载文件端口：33004
2020-12-03 16:54:23 INFO  Main:71 - 正在启动服务..
2020-12-03 16:54:23 INFO  Main:83 - 启动完成，网盘版本为：1.0.0启动耗时：94ms
2020-12-03 16:54:29 INFO  Main:36 - 新的链接建立，IP：127.0.0.1
2020-12-03 16:54:29 INFO  Main:26 - 获取服务器文件列表。。。
2020-12-03 16:54:29 INFO  Main:20 - 获取服务器配置。。。
2020-12-03 16:54:43 INFO  Main:26 - 获取服务器文件列表。。。
2020-12-03 16:54:43 INFO  Main:26 - 获取服务器文件列表。。。
2020-12-03 16:55:28 INFO  Main:26 - 获取服务器文件列表。。。
2020-12-03 16:55:31 INFO  Main:26 - 获取服务器文件列表。。。
2020-12-03 16:55:32 INFO  Main:32 - 获取文本信息。。。
2020-12-03 16:57:59 INFO  Main:32 - 获取文本信息。。。
2020-12-03 16:58:02 INFO  Main:32 - 获取文本信息。。。
2020-12-03 16:58:05 INFO  Main:26 - 获取服务器文件列表。。。
2020-12-03 16:58:06 INFO  Main:26 - 获取服务器文件列表。。。
2020-12-03 16:58:46 INFO  Main:37 - State socket 断开连接
2020-12-03 17:07:52 INFO  Main:36 - 新的链接建立，IP：127.0.0.1
2020-12-03 17:07:52 INFO  Main:26 - 获取服务器文件列表。。。
2020-12-03 17:07:52 INFO  Main:20 - 获取服务器配置。。。
2020-12-03 17:07:53 INFO  Main:32 - 获取文本信息。。。
2020-12-03 17:09:11 INFO  Main:32 - 获取文本信息。。。
2020-12-03 17:09:18 INFO  Main:37 - State socket 断开连接
2020-12-03 19:31:15 INFO  Main:33 - 正在加载配置中···
2020-12-03 19:31:15 INFO  Main:44 - 网盘的根目录：C:\wangpan\DZCXNetdiskServer\root
2020-12-03 19:31:15 INFO  Main:65 - 通用请求端口：33001
2020-12-03 19:31:15 INFO  Main:66 - 状态请求端口：33002
2020-12-03 19:31:15 INFO  Main:67 - 上传文件端口：33003
2020-12-03 19:31:15 INFO  Main:68 - 下载文件端口：33004
2020-12-03 19:31:15 INFO  Main:71 - 正在启动服务..
2020-12-03 19:31:15 INFO  Main:83 - 启动完成，网盘版本为：1.0.0启动耗时：50ms
2020-12-03 19:31:22 INFO  Main:36 - 新的链接建立，IP：127.0.0.1
2020-12-03 19:31:22 INFO  Main:20 - 获取服务器配置。。。
2020-12-03 19:31:22 INFO  Main:26 - 获取服务器文件列表。。。
2020-12-03 19:31:27 INFO  Main:37 - State socket 断开连接
2020-12-03 19:31:30 INFO  Main:36 - 新的链接建立，IP：127.0.0.1
2020-12-03 19:31:31 INFO  Main:26 - 获取服务器文件列表。。。
2020-12-03 19:31:31 INFO  Main:20 - 获取服务器配置。。。
2020-12-03 19:31:34 INFO  Main:32 - 获取文本信息。。。
2020-12-03 19:31:58 INFO  Main:37 - State socket 断开连接
2020-12-03 19:33:58 INFO  Main:36 - 新的链接建立，IP：127.0.0.1
2020-12-03 19:33:58 INFO  Main:20 - 获取服务器配置。。。
2020-12-03 19:33:58 INFO  Main:26 - 获取服务器文件列表。。。
2020-12-03 19:34:00 INFO  Main:32 - 获取文本信息。。。
2020-12-03 19:34:09 INFO  Main:32 - 获取文本信息。。。
2020-12-03 19:38:14 INFO  Main:32 - 获取文本信息。。。
2020-12-03 19:40:53 INFO  Main:37 - State socket 断开连接
2020-12-03 19:45:06 INFO  Main:36 - 新的链接建立，IP：127.0.0.1
2020-12-03 19:45:06 INFO  Main:20 - 获取服务器配置。。。
2020-12-03 19:45:06 INFO  Main:26 - 获取服务器文件列表。。。
2020-12-03 19:45:08 INFO  Main:32 - 获取文本信息。。。
2020-12-03 19:46:06 INFO  Main:37 - State socket 断开连接
2020-12-03 19:48:57 INFO  Main:33 - 正在加载配置中···
2020-12-03 19:48:57 INFO  Main:44 - 网盘的根目录：C:\wangpan\DZCXNetdiskServer\root
2020-12-03 19:48:58 INFO  Main:65 - 通用请求端口：33001
2020-12-03 19:48:58 INFO  Main:66 - 状态请求端口：33002
2020-12-03 19:48:58 INFO  Main:67 - 上传文件端口：33003
2020-12-03 19:48:58 INFO  Main:68 - 下载文件端口：33004
2020-12-03 19:48:58 INFO  Main:71 - 正在启动服务..
2020-12-03 19:48:58 INFO  Main:83 - 启动完成，网盘版本为：1.0.0启动耗时：52ms
2020-12-03 19:49:24 INFO  Main:36 - 新的链接建立，IP：127.0.0.1
2020-12-03 19:49:24 INFO  Main:20 - 获取服务器配置。。。
2020-12-03 19:49:24 INFO  Main:26 - 获取服务器文件列表。。。
2020-12-03 20:53:59 INFO  Main:37 - State socket 断开连接
2020-12-04 12:41:14 INFO  Main:33 - 正在加载配置中···
2020-12-04 12:41:14 INFO  Main:44 - 网盘的根目录：C:\wangpan\DZCXNetdiskServer\root
2020-12-04 12:41:14 INFO  Main:65 - 通用请求端口：33001
2020-12-04 12:41:14 INFO  Main:66 - 状态请求端口：33002
2020-12-04 12:41:14 INFO  Main:67 - 上传文件端口：33003
2020-12-04 12:41:14 INFO  Main:68 - 下载文件端口：33004
2020-12-04 12:41:14 INFO  Main:71 - 正在启动服务..
2020-12-04 12:41:14 INFO  Main:83 - 启动完成，网盘版本为：1.0.0启动耗时：82ms
2020-12-04 12:41:42 INFO  Main:36 - 新的链接建立，IP：127.0.0.1
2020-12-04 12:41:42 INFO  Main:26 - 获取服务器文件列表。。。
2020-12-04 12:41:42 INFO  Main:20 - 获取服务器配置。。。
2020-12-04 12:41:49 INFO  Main:32 - 获取文本信息。。。
2020-12-04 12:41:53 INFO  Main:37 - State socket 断开连接
2020-12-04 12:43:06 INFO  Main:36 - 新的链接建立，IP：127.0.0.1
2020-12-04 12:43:06 INFO  Main:20 - 获取服务器配置。。。
2020-12-04 12:43:06 INFO  Main:26 - 获取服务器文件列表。。。
2020-12-04 12:43:10 INFO  Main:37 - State socket 断开连接
2020-12-04 13:07:42 INFO  Main:36 - 新的链接建立，IP：127.0.0.1
2020-12-04 13:07:42 INFO  Main:20 - 获取服务器配置。。。
2020-12-04 13:07:42 INFO  Main:26 - 获取服务器文件列表。。。
2020-12-04 13:07:46 INFO  Main:55 - 预览图片 -> \666.png
2020-12-04 13:08:05 INFO  Main:55 - 预览图片 -> \666.png
2020-12-04 13:08:34 INFO  Main:32 - 获取文本信息。。。
2020-12-04 13:08:39 INFO  Main:55 - 预览图片 -> \666.png
2020-12-04 13:09:15 INFO  Main:37 - State socket 断开连接
2020-12-04 13:10:11 INFO  Main:36 - 新的链接建立，IP：127.0.0.1
2020-12-04 13:10:11 INFO  Main:26 - 获取服务器文件列表。。。
2020-12-04 13:10:11 INFO  Main:20 - 获取服务器配置。。。
2020-12-04 13:10:12 INFO  Main:55 - 预览图片 -> \QQ截图20201204130955.png
2020-12-04 13:10:36 INFO  Main:55 - 预览图片 -> \QQ截图20201204130955.png
2020-12-04 13:10:40 INFO  Main:37 - State socket 断开连接
2020-12-04 13:33:58 INFO  Main:33 - 正在加载配置中···
2020-12-04 13:33:58 INFO  Main:44 - 网盘的根目录：C:\wangpan\DZCXNetdiskServer\root
2020-12-04 13:33:58 INFO  Main:65 - 通用请求端口：33001
2020-12-04 13:33:58 INFO  Main:66 - 状态请求端口：33002
2020-12-04 13:33:58 INFO  Main:67 - 上传文件端口：33003
2020-12-04 13:33:58 INFO  Main:68 - 下载文件端口：33004
2020-12-04 13:33:58 INFO  Main:71 - 正在启动服务..
2020-12-04 13:33:58 INFO  Main:83 - 启动完成，网盘版本为：1.0.0启动耗时：52ms
2020-12-04 13:34:04 INFO  Main:36 - 新的链接建立，IP：127.0.0.1
2020-12-04 13:34:04 INFO  Main:26 - 获取服务器文件列表。。。
2020-12-04 13:34:04 INFO  Main:20 - 获取服务器配置。。。
2020-12-04 13:34:06 INFO  Main:55 - 预览图片 -> \QQ截图20201204130955.png
2020-12-04 13:34:15 INFO  Main:55 - 预览图片 -> \QQ截图20201204130955.png
2020-12-04 13:34:28 INFO  Main:55 - 预览图片 -> \666.png
2020-12-04 13:34:31 INFO  Main:55 - 预览图片 -> \QQ截图20201204130955.png
2020-12-04 13:34:36 INFO  Main:55 - 预览图片 -> \666.png
2020-12-04 13:35:16 INFO  Main:55 - 预览图片 -> \QQ截图20201204130955.png
2020-12-04 13:36:07 INFO  Main:55 - 预览图片 -> \QQ截图20201204130955.png
2020-12-04 13:36:17 INFO  Main:55 - 预览图片 -> \QQ截图20201204130955.png
2020-12-04 13:42:56 INFO  Main:55 - 预览图片 -> \666.png
2020-12-04 13:43:00 INFO  Main:55 - 预览图片 -> \QQ截图20201204130955.png
2020-12-04 13:43:13 INFO  Main:37 - State socket 断开连接
2020-12-04 13:53:27 INFO  Main:36 - 新的链接建立，IP：127.0.0.1
2020-12-04 13:53:27 INFO  Main:26 - 获取服务器文件列表。。。
2020-12-04 13:53:27 INFO  Main:20 - 获取服务器配置。。。
2020-12-04 13:53:28 INFO  Main:55 - 预览图片 -> \QQ截图20201204130955.png
2020-12-04 13:53:37 INFO  Main:55 - 预览图片 -> \666.png
2020-12-04 13:53:40 INFO  Main:55 - 预览图片 -> \QQ截图20201204130955.png
2020-12-04 13:53:53 INFO  Main:37 - State socket 断开连接
2020-12-04 14:17:59 INFO  Main:36 - 新的链接建立，IP：127.0.0.1
2020-12-04 14:17:59 INFO  Main:20 - 获取服务器配置。。。
2020-12-04 14:17:59 INFO  Main:26 - 获取服务器文件列表。。。
2020-12-04 14:18:06 INFO  Main:55 - 预览图片 -> \QQ截图20201204130955.png
2020-12-04 14:18:24 INFO  Main:55 - 预览图片 -> \QQ截图20201204130955.png
2020-12-04 14:18:36 INFO  Main:55 - 预览图片 -> \666.png
2020-12-04 14:19:36 INFO  Main:37 - State socket 断开连接
2020-12-04 14:21:48 INFO  Main:36 - 新的链接建立，IP：127.0.0.1
2020-12-04 14:21:48 INFO  Main:26 - 获取服务器文件列表。。。
2020-12-04 14:21:48 INFO  Main:20 - 获取服务器配置。。。
2020-12-04 14:21:57 INFO  Main:37 - State socket 断开连接
2020-12-04 14:22:17 INFO  Main:36 - 新的链接建立，IP：127.0.0.1
2020-12-04 14:22:17 INFO  Main:26 - 获取服务器文件列表。。。
2020-12-04 14:22:17 INFO  Main:20 - 获取服务器配置。。。
2020-12-04 14:22:25 INFO  Main:55 - 预览图片 -> \QQ截图20201204130955.png
2020-12-04 14:22:35 INFO  Main:37 - State socket 断开连接
2020-12-04 14:22:41 INFO  Main:36 - 新的链接建立，IP：127.0.0.1
2020-12-04 14:22:41 INFO  Main:20 - 获取服务器配置。。。
2020-12-04 14:22:41 INFO  Main:26 - 获取服务器文件列表。。。
2020-12-04 14:22:45 INFO  Main:55 - 预览图片 -> \QQ截图20201204130955.png
2020-12-04 14:22:54 INFO  Main:37 - State socket 断开连接
2020-12-04 19:13:22 INFO  Main:33 - 正在加载配置中···
2020-12-04 19:13:22 INFO  Main:44 - 网盘的根目录：C:\wangpan\DZCXNetdiskServer\root
2020-12-04 19:13:22 INFO  Main:65 - 通用请求端口：33001
2020-12-04 19:13:22 INFO  Main:66 - 状态请求端口：33002
2020-12-04 19:13:22 INFO  Main:67 - 上传文件端口：33003
2020-12-04 19:13:22 INFO  Main:68 - 下载文件端口：33004
2020-12-04 19:13:22 INFO  Main:71 - 正在启动服务..
2020-12-04 19:13:22 INFO  Main:83 - 启动完成，网盘版本为：1.0.0启动耗时：66ms
2020-12-04 19:13:23 INFO  Main:36 - 新的链接建立，IP：127.0.0.1
2020-12-04 19:13:24 INFO  Main:20 - 获取服务器配置。。。
2020-12-04 19:13:24 INFO  Main:26 - 获取服务器文件列表。。。
2020-12-04 19:13:42 INFO  Main:55 - 预览图片 -> \QQ截图20201204130955.png
2020-12-04 19:15:14 INFO  Main:55 - 预览图片 -> \QQ截图20201204130955.png
2020-12-04 19:15:24 INFO  Main:55 - 预览图片 -> \666.png
2020-12-04 19:15:27 INFO  Main:55 - 预览图片 -> \QQ截图20201204130955.png
2020-12-04 19:15:31 INFO  Main:55 - 预览图片 -> \QQ截图20201204130955.png
2020-12-04 19:15:40 INFO  Main:55 - 预览图片 -> \QQ截图20201204130955.png
2020-12-04 19:15:48 INFO  Main:55 - 预览图片 -> \QQ截图20201204130955.png
2020-12-04 19:15:56 INFO  Main:55 - 预览图片 -> \QQ截图20201204130955.png
2020-12-04 19:16:04 INFO  Main:55 - 预览图片 -> \666.png
2020-12-04 19:16:12 INFO  Main:37 - State socket 断开连接
2020-12-04 19:16:43 INFO  Main:36 - 新的链接建立，IP：127.0.0.1
2020-12-04 19:16:43 INFO  Main:26 - 获取服务器文件列表。。。
2020-12-04 19:16:43 INFO  Main:20 - 获取服务器配置。。。
2020-12-04 19:17:12 INFO  Main:55 - 预览图片 -> \QQ截图20201204130955.png
2020-12-04 19:17:45 INFO  Main:55 - 预览图片 -> \QQ截图20201204130955.png
2020-12-04 19:17:59 INFO  Main:55 - 预览图片 -> \666.png
2020-12-04 19:18:06 INFO  Main:55 - 预览图片 -> \QQ截图20201204130955.png
2020-12-04 19:18:13 INFO  Main:55 - 预览图片 -> \666.png
2020-12-04 19:18:16 INFO  Main:55 - 预览图片 -> \666.png
2020-12-04 19:18:19 INFO  Main:55 - 预览图片 -> \666.png
2020-12-04 19:18:29 INFO  Main:55 - 预览图片 -> \666.png
2020-12-04 19:18:33 INFO  Main:55 - 预览图片 -> \QQ截图20201204130955.png
2020-12-04 19:18:44 INFO  Main:37 - State socket 断开连接
2020-12-04 19:21:26 INFO  Main:36 - 新的链接建立，IP：127.0.0.1
2020-12-04 19:21:26 INFO  Main:20 - 获取服务器配置。。。
2020-12-04 19:21:26 INFO  Main:26 - 获取服务器文件列表。。。
2020-12-04 19:21:28 INFO  Main:55 - 预览图片 -> \QQ截图20201204130955.png
2020-12-04 19:21:37 INFO  Main:55 - 预览图片 -> \666.png
2020-12-04 19:22:05 INFO  Main:55 - 预览图片 -> \QQ截图20201204130955.png
2020-12-04 19:22:18 INFO  Main:26 - 获取服务器文件列表。。。
2020-12-04 19:22:19 INFO  Main:26 - 获取服务器文件列表。。。
2020-12-04 19:22:20 INFO  Main:26 - 获取服务器文件列表。。。
2020-12-04 19:22:20 INFO  Main:26 - 获取服务器文件列表。。。
2020-12-04 19:22:22 INFO  Main:32 - 获取文本信息。。。
2020-12-04 19:22:40 INFO  Main:55 - 预览图片 -> \QQ截图20201204130955.png
2020-12-04 19:22:50 INFO  Main:55 - 预览图片 -> \QQ截图20201204130955.png
2020-12-04 19:45:10 INFO  Main:37 - State socket 断开连接
2020-12-04 19:59:20 INFO  Main:36 - 新的链接建立，IP：127.0.0.1
2020-12-04 19:59:20 INFO  Main:20 - 获取服务器配置。。。
2020-12-04 19:59:20 INFO  Main:26 - 获取服务器文件列表。。。
2020-12-04 19:59:27 INFO  Main:37 - State socket 断开连接
2020-12-04 20:44:02 INFO  Main:33 - 正在加载配置中···
2020-12-04 20:44:02 INFO  Main:44 - 网盘的根目录：C:\wangpan\DZCXNetdiskServer\root
2020-12-04 20:44:03 INFO  Main:65 - 通用请求端口：33001
2020-12-04 20:44:03 INFO  Main:66 - 状态请求端口：33002
2020-12-04 20:44:03 INFO  Main:67 - 上传文件端口：33003
2020-12-04 20:44:03 INFO  Main:68 - 下载文件端口：33004
2020-12-04 20:44:03 INFO  Main:71 - 正在启动服务..
2020-12-04 20:44:03 INFO  Main:83 - 启动完成，网盘版本为：1.0.0启动耗时：62ms
2020-12-04 20:44:09 INFO  Main:36 - 新的链接建立，IP：127.0.0.1
2020-12-04 20:44:09 INFO  Main:20 - 获取服务器配置。。。
2020-12-04 20:44:09 INFO  Main:26 - 获取服务器文件列表。。。
2020-12-04 20:44:10 INFO  Main:38 - 获取视频信息。。。
2020-12-04 20:44:49 INFO  Main:37 - State socket 断开连接
2020-12-04 20:44:52 INFO  Main:36 - 新的链接建立，IP：127.0.0.1
2020-12-04 20:44:52 INFO  Main:20 - 获取服务器配置。。。
2020-12-04 20:44:52 INFO  Main:26 - 获取服务器文件列表。。。
2020-12-04 20:44:54 INFO  Main:38 - 获取视频信息。。。
2020-12-04 20:45:23 INFO  Main:38 - 获取视频信息。。。
2020-12-04 20:45:32 INFO  Main:38 - 获取视频信息。。。
2020-12-04 20:46:03 INFO  Main:55 - 预览图片 -> \666.png
2020-12-04 20:46:06 INFO  Main:38 - 获取视频信息。。。
2020-12-04 20:46:12 INFO  Main:37 - State socket 断开连接
2020-12-04 20:46:35 INFO  Main:36 - 新的链接建立，IP：127.0.0.1
2020-12-04 20:46:35 INFO  Main:20 - 获取服务器配置。。。
2020-12-04 20:46:35 INFO  Main:26 - 获取服务器文件列表。。。
2020-12-04 20:46:38 INFO  Main:38 - 获取视频信息。。。
2020-12-04 20:46:43 INFO  Main:38 - 获取视频信息。。。
2020-12-04 20:46:47 INFO  Main:37 - State socket 断开连接
2020-12-04 20:47:01 INFO  Main:36 - 新的链接建立，IP：127.0.0.1
2020-12-04 20:47:01 INFO  Main:20 - 获取服务器配置。。。
2020-12-04 20:47:01 INFO  Main:26 - 获取服务器文件列表。。。
2020-12-04 20:47:04 INFO  Main:38 - 获取视频信息。。。
2020-12-04 20:47:58 INFO  Main:38 - 获取视频信息。。。
2020-12-04 20:48:02 INFO  Main:55 - 预览图片 -> \666.png
2020-12-04 20:48:06 INFO  Main:32 - 获取文本信息。。。
2020-12-04 20:49:50 INFO  Main:38 - 获取视频信息。。。
2020-12-04 20:49:55 INFO  Main:38 - 获取视频信息。。。
2020-12-04 20:50:04 INFO  Main:38 - 获取视频信息。。。
2020-12-04 20:50:18 INFO  Main:55 - 预览图片 -> \QQ截图20201204130955.png
2020-12-04 20:50:41 INFO  Main:38 - 获取视频信息。。。
2020-12-04 20:57:06 INFO  Main:55 - 预览图片 -> \666.png
2020-12-04 20:57:09 INFO  Main:55 - 预览图片 -> \666.png
2020-12-04 21:04:00 INFO  Main:37 - State socket 断开连接
